<?xml version="1.0" encoding="UTF-8"?>
<TestRun id="9ac8510c-80f2-4983-ad39-1267567361e5" name="NAG PC@DESKTOP-6ILA6QM 2020-12-21 07:53:35" runUser="DESKTOP-6ILA6QM\NAG PC" xmlns="http://microsoft.com/schemas/VisualStudio/TeamTest/2010">
  <TestSettings name="Default Test Settings" id="d387d9eb-a9aa-43e0-8496-4a66ac1513be">
    <Deployment userDeploymentRoot="D:\WorkSpace\CsharpGit\PageObjectModel\TrxToHtmlConversion" useDefaultDeploymentRoot="false" runDeploymentRoot="NAG PC_DESKTOP-6ILA6QM 2020-12-21 07_53_35" />
    <Execution>
      <TestTypeSpecific />
      <AgentRule name="Execution Agents">
      </AgentRule>
    </Execution>
    <Properties />
  </TestSettings>
  <Times creation="2020-12-21T07:53:35.9953242+05:30" queuing="2020-12-21T07:53:37.8445865+05:30" start="2020-12-21T07:53:38.0515473+05:30" finish="2020-12-21T07:53:39.7715241+05:30" />
  <ResultSummary outcome="Completed">
    <Counters total="5" executed="5" passed="5" error="0" failed="0" timeout="0" aborted="0" inconclusive="0" passedButRunAborted="0" notRunnable="0" notExecuted="0" disconnected="0" warning="0" completed="0" inProgress="0" pending="0" />
  </ResultSummary>
  <TestDefinitions>
    <UnitTest name="LinkTicket" storage="d:\workspace\csharpgit\pageobjectmodel\trxtohtmlconversion\bin\debug\trxtohtmlconversion.dll" id="e5c6c6b0-74bd-7d76-a455-67c2386fb0b0">
      <Execution id="10326c29-9841-4bac-b443-fe7fb4f13cd7" />
      <TestMethod codeBase="D:/WorkSpace/CsharpGit/PageObjectModel/TrxToHtmlConversion/bin/Debug/TrxToHtmlConversion.DLL" adapterTypeName="Microsoft.VisualStudio.TestTools.TestTypes.Unit.UnitTestAdapter, Microsoft.VisualStudio.QualityTools.Tips.UnitTest.Adapter, Version=15.0.0.0, Culture=neutral, PublicKeyToken=b03f5f7f11d50a3a" className="TrxToHtmlConversion.TestCases.Apsrtc, TrxToHtmlConversion, Version=1.0.0.0, Culture=neutral, PublicKeyToken=null" name="LinkTicket" />
    </UnitTest>
    <UnitTest name="BookTicket" storage="d:\workspace\csharpgit\pageobjectmodel\trxtohtmlconversion\bin\debug\trxtohtmlconversion.dll" id="13358d58-9cc3-46b3-270a-019691a0d62d">
      <Execution id="2711464f-1a95-4414-bc1d-be411cced6bc" />
      <TestMethod codeBase="D:/WorkSpace/CsharpGit/PageObjectModel/TrxToHtmlConversion/bin/Debug/TrxToHtmlConversion.DLL" adapterTypeName="Microsoft.VisualStudio.TestTools.TestTypes.Unit.UnitTestAdapter, Microsoft.VisualStudio.QualityTools.Tips.UnitTest.Adapter, Version=15.0.0.0, Culture=neutral, PublicKeyToken=b03f5f7f11d50a3a" className="TrxToHtmlConversion.TestCases.Apsrtc, TrxToHtmlConversion, Version=1.0.0.0, Culture=neutral, PublicKeyToken=null" name="BookTicket" />
    </UnitTest>
    <UnitTest name="TestMethod1" storage="d:\workspace\csharpgit\pageobjectmodel\trxtohtmlconversion\bin\debug\trxtohtmlconversion.dll" id="4e663119-7ce9-a874-905d-298fdabd72aa">
      <Execution id="92aee3c7-e5c3-4ece-bc60-73d2a87f6064" />
      <TestMethod codeBase="D:/WorkSpace/CsharpGit/PageObjectModel/TrxToHtmlConversion/bin/Debug/TrxToHtmlConversion.DLL" adapterTypeName="Microsoft.VisualStudio.TestTools.TestTypes.Unit.UnitTestAdapter, Microsoft.VisualStudio.QualityTools.Tips.UnitTest.Adapter, Version=15.0.0.0, Culture=neutral, PublicKeyToken=b03f5f7f11d50a3a" className="TrxToHtmlConversion.UnitTest1, TrxToHtmlConversion, Version=1.0.0.0, Culture=neutral, PublicKeyToken=null" name="TestMethod1" />
    </UnitTest>
    <UnitTest name="CancelTicket" storage="d:\workspace\csharpgit\pageobjectmodel\trxtohtmlconversion\bin\debug\trxtohtmlconversion.dll" id="132af1b1-9ebe-a197-ead6-7c6b28bc4c8f">
      <Execution id="bb104d5f-0ff6-4b02-830e-991b5e9138b1" />
      <TestMethod codeBase="D:/WorkSpace/CsharpGit/PageObjectModel/TrxToHtmlConversion/bin/Debug/TrxToHtmlConversion.DLL" adapterTypeName="Microsoft.VisualStudio.TestTools.TestTypes.Unit.UnitTestAdapter, Microsoft.VisualStudio.QualityTools.Tips.UnitTest.Adapter, Version=15.0.0.0, Culture=neutral, PublicKeyToken=b03f5f7f11d50a3a" className="TrxToHtmlConversion.TestCases.Apsrtc, TrxToHtmlConversion, Version=1.0.0.0, Culture=neutral, PublicKeyToken=null" name="CancelTicket" />
    </UnitTest>
    <UnitTest name="TrackTicket" storage="d:\workspace\csharpgit\pageobjectmodel\trxtohtmlconversion\bin\debug\trxtohtmlconversion.dll" id="63e21049-2730-f949-0569-73427ce0494e">
      <Execution id="761e3095-05da-4b90-868e-a2823bc56320" />
      <TestMethod codeBase="D:/WorkSpace/CsharpGit/PageObjectModel/TrxToHtmlConversion/bin/Debug/TrxToHtmlConversion.DLL" adapterTypeName="Microsoft.VisualStudio.TestTools.TestTypes.Unit.UnitTestAdapter, Microsoft.VisualStudio.QualityTools.Tips.UnitTest.Adapter, Version=15.0.0.0, Culture=neutral, PublicKeyToken=b03f5f7f11d50a3a" className="TrxToHtmlConversion.TestCases.Apsrtc, TrxToHtmlConversion, Version=1.0.0.0, Culture=neutral, PublicKeyToken=null" name="TrackTicket" />
    </UnitTest>
  </TestDefinitions>
  <TestLists>
    <TestList name="Results Not in a List" id="8c84fa94-04c1-424b-9868-57a2d4851a1d" />
    <TestList name="All Loaded Results" id="19431567-8539-422a-85d7-44ee4e166bda" />
  </TestLists>
  <TestEntries>
    <TestEntry testId="13358d58-9cc3-46b3-270a-019691a0d62d" executionId="2711464f-1a95-4414-bc1d-be411cced6bc" testListId="8c84fa94-04c1-424b-9868-57a2d4851a1d" />
    <TestEntry testId="132af1b1-9ebe-a197-ead6-7c6b28bc4c8f" executionId="bb104d5f-0ff6-4b02-830e-991b5e9138b1" testListId="8c84fa94-04c1-424b-9868-57a2d4851a1d" />
    <TestEntry testId="e5c6c6b0-74bd-7d76-a455-67c2386fb0b0" executionId="10326c29-9841-4bac-b443-fe7fb4f13cd7" testListId="8c84fa94-04c1-424b-9868-57a2d4851a1d" />
    <TestEntry testId="63e21049-2730-f949-0569-73427ce0494e" executionId="761e3095-05da-4b90-868e-a2823bc56320" testListId="8c84fa94-04c1-424b-9868-57a2d4851a1d" />
    <TestEntry testId="4e663119-7ce9-a874-905d-298fdabd72aa" executionId="92aee3c7-e5c3-4ece-bc60-73d2a87f6064" testListId="8c84fa94-04c1-424b-9868-57a2d4851a1d" />
  </TestEntries>
  <Results>
    <UnitTestResult executionId="2711464f-1a95-4414-bc1d-be411cced6bc" testId="13358d58-9cc3-46b3-270a-019691a0d62d" testName="BookTicket" computerName="DESKTOP-6ILA6QM" duration="00:00:00.0359535" startTime="2020-12-21T07:53:38.2610326+05:30" endTime="2020-12-21T07:53:39.6084390+05:30" testType="13cdc9d9-ddb5-4fa4-a97d-d965ccfc6d4b" outcome="Passed" testListId="8c84fa94-04c1-424b-9868-57a2d4851a1d" relativeResultsDirectory="2711464f-1a95-4414-bc1d-be411cced6bc">
      <Output>
        <StdOut>Test Case : Book Ticket</StdOut>
      </Output>
    </UnitTestResult>
    <UnitTestResult executionId="bb104d5f-0ff6-4b02-830e-991b5e9138b1" testId="132af1b1-9ebe-a197-ead6-7c6b28bc4c8f" testName="CancelTicket" computerName="DESKTOP-6ILA6QM" duration="00:00:00.0003419" startTime="2020-12-21T07:53:39.6114323+05:30" endTime="2020-12-21T07:53:39.6204180+05:30" testType="13cdc9d9-ddb5-4fa4-a97d-d965ccfc6d4b" outcome="Passed" testListId="8c84fa94-04c1-424b-9868-57a2d4851a1d" relativeResultsDirectory="bb104d5f-0ff6-4b02-830e-991b5e9138b1">
      <Output>
        <StdOut>Test Case : Cancel Ticket</StdOut>
      </Output>
    </UnitTestResult>
    <UnitTestResult executionId="10326c29-9841-4bac-b443-fe7fb4f13cd7" testId="e5c6c6b0-74bd-7d76-a455-67c2386fb0b0" testName="LinkTicket" computerName="DESKTOP-6ILA6QM" duration="00:00:00.0002696" startTime="2020-12-21T07:53:39.6313833+05:30" endTime="2020-12-21T07:53:39.6423488+05:30" testType="13cdc9d9-ddb5-4fa4-a97d-d965ccfc6d4b" outcome="Passed" testListId="8c84fa94-04c1-424b-9868-57a2d4851a1d" relativeResultsDirectory="10326c29-9841-4bac-b443-fe7fb4f13cd7">
      <Output>
        <StdOut>Test Case : Link Ticket</StdOut>
      </Output>
    </UnitTestResult>
    <UnitTestResult executionId="761e3095-05da-4b90-868e-a2823bc56320" testId="63e21049-2730-f949-0569-73427ce0494e" testName="TrackTicket" computerName="DESKTOP-6ILA6QM" duration="00:00:00.0004715" startTime="2020-12-21T07:53:39.6463364+05:30" endTime="2020-12-21T07:53:39.6563107+05:30" testType="13cdc9d9-ddb5-4fa4-a97d-d965ccfc6d4b" outcome="Passed" testListId="8c84fa94-04c1-424b-9868-57a2d4851a1d" relativeResultsDirectory="761e3095-05da-4b90-868e-a2823bc56320">
      <Output>
        <StdOut>Test Case : Track Ticket</StdOut>
      </Output>
    </UnitTestResult>
    <UnitTestResult executionId="92aee3c7-e5c3-4ece-bc60-73d2a87f6064" testId="4e663119-7ce9-a874-905d-298fdabd72aa" testName="TestMethod1" computerName="DESKTOP-6ILA6QM" duration="00:00:00.0003892" startTime="2020-12-21T07:53:39.6593087+05:30" endTime="2020-12-21T07:53:39.6692759+05:30" testType="13cdc9d9-ddb5-4fa4-a97d-d965ccfc6d4b" outcome="Passed" testListId="8c84fa94-04c1-424b-9868-57a2d4851a1d" relativeResultsDirectory="92aee3c7-e5c3-4ece-bc60-73d2a87f6064">
    </UnitTestResult>
  </Results>
</TestRun>